Please enter the #1 number:
Please enter the #2 number:
Please enter the #3 number:
Please enter the #4 number:
Sum of 4 items is: 150
