Please enter the numbers (max count: 100, enter -1 to end sooner): 
After sort: 
0
1
2
3
3
5
5
8
8
8
9
10
10
11
11
12
13
14
14
14
14
17
17
17
18
18
19
19
19
19
21
22
24
25
28
28
28
28
29
29
29
31
37
41
42
48
51
53
53
53
54
55
56
57
57
59
60
61
62
64
65
68
70
74
74
74
77
77
77
79
81
82
82
82
83
85
86
87
88
89
91
94
95
97
97
97
97
98
98
99
