T_INTLITERAL 0x0
T_INTLITERAL 0x1
T_INTLITERAL 0xe43620
T_INTLITERAL 0x11
T_INTLITERAL 0xbeef
T_INTLITERAL 0xF
T_INTLITERAL 0xF00
T_INTLITERAL 0xB1ad
