T_ID abcdefg
T_ID Stephen
T_ID stephen_hawking
T_ID six_dot_035
T_ID foo_
T_ID covid_19
