T_ID foo
T_ID bar
T_ID baz
T_ID quux
T_ID meep
T_ID peem
T_ID whaah
T_ID boom
T_ID doom
T_ID gloom
T_ID loom
T_ID weave
