T_INTLITERAL 1
T_INTLITERAL 01
T_INTLITERAL 10
T_INTLITERAL 65536
T_INTLITERAL 2147483647
