T_DOUBLELITERAL 7.7
T_DOUBLELITERAL 0.123456
T_DOUBLELITERAL 2020.
T_DOUBLELITERAL 0.0
T_DOUBLELITERAL 1.99999999
T_DOUBLELITERAL 0.99999999
